// Jest Snapshot v1, https://goo.gl/fbAQLP

exports[`Home renders 1`] = `
<section>
  <h2>
    Home
  </h2>
  <h3>
    1.User 1
  </h3>
</section>
`;
