// Jest Snapshot v1, https://goo.gl/fbAQLP

exports[`Date renders 1`] = `
<time
  dateTime="2020-12-31"
>
  December 31, 2020
</time>
`;
